Copyright 1986-2022 Xilinx, Inc. All Rights Reserved. Copyright 2022-2025 Advanced Micro Devices, Inc. All Rights Reserved.
------------------------------------------------------------------------------------------------------------------------------------------------------------------------------------------------------------------------
| Tool Version : Vivado v.2025.1 (win64) Build 6140274 Thu May 22 00:12:29 MDT 2025
| Date         : Sat Apr 18 23:40:36 2026
| Host         : Soumodeep running 64-bit major release  (build 9200)
| Command      : report_timing_summary -max_paths 10 -routable_nets -report_unconstrained -file wrra_timing_summary_routed.rpt -pb wrra_timing_summary_routed.pb -rpx wrra_timing_summary_routed.rpx -warn_on_violation
| Design       : wrra
| Device       : 7a35t-cpg236
| Speed File   : -1  PRODUCTION 1.23 2018-06-13
| Design State : Routed
------------------------------------------------------------------------------------------------------------------------------------------------------------------------------------------------------------------------

Timing Summary Report

------------------------------------------------------------------------------------------------
| Timer Settings
| --------------
------------------------------------------------------------------------------------------------

  Enable Multi Corner Analysis               :  Yes
  Enable Pessimism Removal                   :  Yes
  Pessimism Removal Resolution               :  Nearest Common Node
  Enable Input Delay Default Clock           :  No
  Enable Preset / Clear Arcs                 :  No
  Disable Flight Delays                      :  No
  Ignore I/O Paths                           :  No
  Timing Early Launch at Borrowing Latches   :  No
  Borrow Time for Max Delay Exceptions       :  Yes
  Merge Timing Exceptions                    :  Yes
  Inter-SLR Compensation                     :  Conservative

  Corner  Analyze    Analyze    
  Name    Max Paths  Min Paths  
  ------  ---------  ---------  
  Slow    Yes        Yes        
  Fast    Yes        Yes        


------------------------------------------------------------------------------------------------
| Report Methodology
| ------------------
------------------------------------------------------------------------------------------------

Rule       Severity  Description                    Violations  
---------  --------  -----------------------------  ----------  
TIMING-18  Warning   Missing input or output delay  9           

Note: This report is based on the most recent report_methodology run and may not be up-to-date. Run report_methodology on the current design for the latest report.



check_timing report

Table of Contents
-----------------
1. checking no_clock (0)
2. checking constant_clock (0)
3. checking pulse_width_clock (0)
4. checking unconstrained_internal_endpoints (0)
5. checking no_input_delay (5)
6. checking no_output_delay (4)
7. checking multiple_clock (0)
8. checking generated_clocks (0)
9. checking loops (0)
10. checking partial_input_delay (0)
11. checking partial_output_delay (0)
12. checking latch_loops (0)

1. checking no_clock (0)
------------------------
 There are 0 register/latch pins with no clock.


2. checking constant_clock (0)
------------------------------
 There are 0 register/latch pins with constant_clock.


3. checking pulse_width_clock (0)
---------------------------------
 There are 0 register/latch pins which need pulse_width check


4. checking unconstrained_internal_endpoints (0)
------------------------------------------------
 There are 0 pins that are not constrained for maximum delay.

 There are 0 pins that are not constrained for maximum delay due to constant clock.


5. checking no_input_delay (5)
------------------------------
 There are 5 input ports with no input delay specified. (HIGH)

 There are 0 input ports with no input delay but user has a false path constraint.


6. checking no_output_delay (4)
-------------------------------
 There are 4 ports with no output delay specified. (HIGH)

 There are 0 ports with no output delay but user has a false path constraint

 There are 0 ports with no output delay but with a timing clock defined on it or propagating through it


7. checking multiple_clock (0)
------------------------------
 There are 0 register/latch pins with multiple clocks.


8. checking generated_clocks (0)
--------------------------------
 There are 0 generated clocks that are not connected to a clock source.


9. checking loops (0)
---------------------
 There are 0 combinational loops in the design.


10. checking partial_input_delay (0)
------------------------------------
 There are 0 input ports with partial input delay specified.


11. checking partial_output_delay (0)
-------------------------------------
 There are 0 ports with partial output delay specified.


12. checking latch_loops (0)
----------------------------
 There are 0 combinational latch loops in the design through latch input



------------------------------------------------------------------------------------------------
| Design Timing Summary
| ---------------------
------------------------------------------------------------------------------------------------

    WNS(ns)      TNS(ns)  TNS Failing Endpoints  TNS Total Endpoints      WHS(ns)      THS(ns)  THS Failing Endpoints  THS Total Endpoints     WPWS(ns)     TPWS(ns)  TPWS Failing Endpoints  TPWS Total Endpoints  
    -------      -------  ---------------------  -------------------      -------      -------  ---------------------  -------------------     --------     --------  ----------------------  --------------------  
      8.067        0.000                      0                    3        0.218        0.000                      0                    3        4.500        0.000                       0                     4  


All user specified timing constraints are met.


------------------------------------------------------------------------------------------------
| Clock Summary
| -------------
------------------------------------------------------------------------------------------------

Clock        Waveform(ns)       Period(ns)      Frequency(MHz)
-----        ------------       ----------      --------------
sys_clk_pin  {0.000 5.000}      10.000          100.000         


------------------------------------------------------------------------------------------------
| Intra Clock Table
| -----------------
------------------------------------------------------------------------------------------------

Clock             WNS(ns)      TNS(ns)  TNS Failing Endpoints  TNS Total Endpoints      WHS(ns)      THS(ns)  THS Failing Endpoints  THS Total Endpoints     WPWS(ns)     TPWS(ns)  TPWS Failing Endpoints  TPWS Total Endpoints  
-----             -------      -------  ---------------------  -------------------      -------      -------  ---------------------  -------------------     --------     --------  ----------------------  --------------------  
sys_clk_pin         8.067        0.000                      0                    3        0.218        0.000                      0                    3        4.500        0.000                       0                     4  


------------------------------------------------------------------------------------------------
| Inter Clock Table
| -----------------
------------------------------------------------------------------------------------------------

From Clock    To Clock          WNS(ns)      TNS(ns)  TNS Failing Endpoints  TNS Total Endpoints      WHS(ns)      THS(ns)  THS Failing Endpoints  THS Total Endpoints  
----------    --------          -------      -------  ---------------------  -------------------      -------      -------  ---------------------  -------------------  


------------------------------------------------------------------------------------------------
| Other Path Groups Table
| -----------------------
------------------------------------------------------------------------------------------------

Path Group    From Clock    To Clock          WNS(ns)      TNS(ns)  TNS Failing Endpoints  TNS Total Endpoints      WHS(ns)      THS(ns)  THS Failing Endpoints  THS Total Endpoints  
----------    ----------    --------          -------      -------  ---------------------  -------------------      -------      -------  ---------------------  -------------------  


------------------------------------------------------------------------------------------------
| User Ignored Path Table
| -----------------------
------------------------------------------------------------------------------------------------

Path Group    From Clock    To Clock    
----------    ----------    --------    


------------------------------------------------------------------------------------------------
| Unconstrained Path Table
| ------------------------
------------------------------------------------------------------------------------------------

Path Group    From Clock    To Clock    
----------    ----------    --------    
(none)        sys_clk_pin                 
(none)                      sys_clk_pin   


------------------------------------------------------------------------------------------------
| Timing Details
| --------------
------------------------------------------------------------------------------------------------


---------------------------------------------------------------------------------------------------
From Clock:  sys_clk_pin
  To Clock:  sys_clk_pin

Setup :            0  Failing Endpoints,  Worst Slack        8.067ns,  Total Violation        0.000ns
Hold  :            0  Failing Endpoints,  Worst Slack        0.218ns,  Total Violation        0.000ns
PW    :            0  Failing Endpoints,  Worst Slack        4.500ns,  Total Violation        0.000ns
---------------------------------------------------------------------------------------------------


Max Delay Paths
--------------------------------------------------------------------------------------
Slack (MET) :             8.067ns  (required time - arrival time)
  Source:                 PS_reg[1]/C
                            (rising edge-triggered cell FDCE clocked by sys_clk_pin  {rise@0.000ns fall@5.000ns period=10.000ns})
  Destination:            PS_reg[0]/D
                            (rising edge-triggered cell FDCE clocked by sys_clk_pin  {rise@0.000ns fall@5.000ns period=10.000ns})
  Path Group:             sys_clk_pin
  Path Type:              Setup (Max at Slow Process Corner)
  Requirement:            10.000ns  (sys_clk_pin rise@10.000ns - sys_clk_pin rise@0.000ns)
  Data Path Delay:        1.940ns  (logic 0.797ns (41.089%)  route 1.143ns (58.911%))
  Logic Levels:           2  (LUT6=1 MUXF7=1)
  Clock Path Skew:        -0.022ns (DCD - SCD + CPR)
    Destination Clock Delay (DCD):    4.859ns = ( 14.859 - 10.000 ) 
    Source Clock Delay      (SCD):    5.158ns
    Clock Pessimism Removal (CPR):    0.277ns
  Clock Uncertainty:      0.035ns  ((TSJ^2 + TIJ^2)^1/2 + DJ) / 2 + PE
    Total System Jitter     (TSJ):    0.071ns
    Total Input Jitter      (TIJ):    0.000ns
    Discrete Jitter          (DJ):    0.000ns
    Phase Error              (PE):    0.000ns

    Location             Delay type                Incr(ns)  Path(ns)    Netlist Resource(s)
  -------------------------------------------------------------------    -------------------
                         (clock sys_clk_pin rise edge)
                                                      0.000     0.000 r  
    W5                                                0.000     0.000 r  clk (IN)
                         net (fo=0)                   0.000     0.000    clk
    W5                   IBUF (Prop_ibuf_I_O)         1.458     1.458 r  clk_IBUF_inst/O
                         net (fo=1, routed)           1.967     3.425    clk_IBUF
    BUFGCTRL_X0Y0        BUFG (Prop_bufg_I_O)         0.096     3.521 r  clk_IBUF_BUFG_inst/O
                         net (fo=3, routed)           1.637     5.158    clk_IBUF_BUFG
    SLICE_X1Y7           FDCE                                         r  PS_reg[1]/C
  -------------------------------------------------------------------    -------------------
    SLICE_X1Y7           FDCE (Prop_fdce_C_Q)         0.456     5.614 f  PS_reg[1]/Q
                         net (fo=9, routed)           1.143     6.757    PS[1]
    SLICE_X0Y7           LUT6 (Prop_lut6_I5_O)        0.124     6.881 r  PS[0]_i_3/O
                         net (fo=1, routed)           0.000     6.881    PS[0]_i_3_n_0
    SLICE_X0Y7           MUXF7 (Prop_muxf7_I1_O)      0.217     7.098 r  PS_reg[0]_i_1/O
                         net (fo=1, routed)           0.000     7.098    NS[0]
    SLICE_X0Y7           FDCE                                         r  PS_reg[0]/D
  -------------------------------------------------------------------    -------------------

                         (clock sys_clk_pin rise edge)
                                                     10.000    10.000 r  
    W5                                                0.000    10.000 r  clk (IN)
                         net (fo=0)                   0.000    10.000    clk
    W5                   IBUF (Prop_ibuf_I_O)         1.388    11.388 r  clk_IBUF_inst/O
                         net (fo=1, routed)           1.862    13.250    clk_IBUF
    BUFGCTRL_X0Y0        BUFG (Prop_bufg_I_O)         0.091    13.341 r  clk_IBUF_BUFG_inst/O
                         net (fo=3, routed)           1.518    14.859    clk_IBUF_BUFG
    SLICE_X0Y7           FDCE                                         r  PS_reg[0]/C
                         clock pessimism              0.277    15.136    
                         clock uncertainty           -0.035    15.101    
    SLICE_X0Y7           FDCE (Setup_fdce_C_D)        0.064    15.165    PS_reg[0]
  -------------------------------------------------------------------
                         required time                         15.165    
                         arrival time                          -7.098    
  -------------------------------------------------------------------
                         slack                                  8.067    

Slack (MET) :             8.478ns  (required time - arrival time)
  Source:                 PS_reg[0]/C
                            (rising edge-triggered cell FDCE clocked by sys_clk_pin  {rise@0.000ns fall@5.000ns period=10.000ns})
  Destination:            PS_reg[2]/D
                            (rising edge-triggered cell FDCE clocked by sys_clk_pin  {rise@0.000ns fall@5.000ns period=10.000ns})
  Path Group:             sys_clk_pin
  Path Type:              Setup (Max at Slow Process Corner)
  Requirement:            10.000ns  (sys_clk_pin rise@10.000ns - sys_clk_pin rise@0.000ns)
  Data Path Delay:        1.529ns  (logic 0.825ns (53.956%)  route 0.704ns (46.044%))
  Logic Levels:           2  (LUT3=1 MUXF7=1)
  Clock Path Skew:        -0.022ns (DCD - SCD + CPR)
    Destination Clock Delay (DCD):    4.859ns = ( 14.859 - 10.000 ) 
    Source Clock Delay      (SCD):    5.158ns
    Clock Pessimism Removal (CPR):    0.277ns
  Clock Uncertainty:      0.035ns  ((TSJ^2 + TIJ^2)^1/2 + DJ) / 2 + PE
    Total System Jitter     (TSJ):    0.071ns
    Total Input Jitter      (TIJ):    0.000ns
    Discrete Jitter          (DJ):    0.000ns
    Phase Error              (PE):    0.000ns

    Location             Delay type                Incr(ns)  Path(ns)    Netlist Resource(s)
  -------------------------------------------------------------------    -------------------
                         (clock sys_clk_pin rise edge)
                                                      0.000     0.000 r  
    W5                                                0.000     0.000 r  clk (IN)
                         net (fo=0)                   0.000     0.000    clk
    W5                   IBUF (Prop_ibuf_I_O)         1.458     1.458 r  clk_IBUF_inst/O
                         net (fo=1, routed)           1.967     3.425    clk_IBUF
    BUFGCTRL_X0Y0        BUFG (Prop_bufg_I_O)         0.096     3.521 r  clk_IBUF_BUFG_inst/O
                         net (fo=3, routed)           1.637     5.158    clk_IBUF_BUFG
    SLICE_X0Y7           FDCE                                         r  PS_reg[0]/C
  -------------------------------------------------------------------    -------------------
    SLICE_X0Y7           FDCE (Prop_fdce_C_Q)         0.456     5.614 f  PS_reg[0]/Q
                         net (fo=9, routed)           0.704     6.318    PS[0]
    SLICE_X1Y7           LUT3 (Prop_lut3_I0_O)        0.124     6.442 r  PS[2]_i_3/O
                         net (fo=1, routed)           0.000     6.442    PS[2]_i_3_n_0
    SLICE_X1Y7           MUXF7 (Prop_muxf7_I1_O)      0.245     6.687 r  PS_reg[2]_i_1/O
                         net (fo=1, routed)           0.000     6.687    NS[2]
    SLICE_X1Y7           FDCE                                         r  PS_reg[2]/D
  -------------------------------------------------------------------    -------------------

                         (clock sys_clk_pin rise edge)
                                                     10.000    10.000 r  
    W5                                                0.000    10.000 r  clk (IN)
                         net (fo=0)                   0.000    10.000    clk
    W5                   IBUF (Prop_ibuf_I_O)         1.388    11.388 r  clk_IBUF_inst/O
                         net (fo=1, routed)           1.862    13.250    clk_IBUF
    BUFGCTRL_X0Y0        BUFG (Prop_bufg_I_O)         0.091    13.341 r  clk_IBUF_BUFG_inst/O
                         net (fo=3, routed)           1.518    14.859    clk_IBUF_BUFG
    SLICE_X1Y7           FDCE                                         r  PS_reg[2]/C
                         clock pessimism              0.277    15.136    
                         clock uncertainty           -0.035    15.101    
    SLICE_X1Y7           FDCE (Setup_fdce_C_D)        0.064    15.165    PS_reg[2]
  -------------------------------------------------------------------
                         required time                         15.165    
                         arrival time                          -6.687    
  -------------------------------------------------------------------
                         slack                                  8.478    

Slack (MET) :             8.693ns  (required time - arrival time)
  Source:                 PS_reg[1]/C
                            (rising edge-triggered cell FDCE clocked by sys_clk_pin  {rise@0.000ns fall@5.000ns period=10.000ns})
  Destination:            PS_reg[1]/D
                            (rising edge-triggered cell FDCE clocked by sys_clk_pin  {rise@0.000ns fall@5.000ns period=10.000ns})
  Path Group:             sys_clk_pin
  Path Type:              Setup (Max at Slow Process Corner)
  Requirement:            10.000ns  (sys_clk_pin rise@10.000ns - sys_clk_pin rise@0.000ns)
  Data Path Delay:        1.336ns  (logic 0.797ns (59.673%)  route 0.539ns (40.327%))
  Logic Levels:           2  (LUT6=1 MUXF7=1)
  Clock Path Skew:        0.000ns (DCD - SCD + CPR)
    Destination Clock Delay (DCD):    4.859ns = ( 14.859 - 10.000 ) 
    Source Clock Delay      (SCD):    5.158ns
    Clock Pessimism Removal (CPR):    0.299ns
  Clock Uncertainty:      0.035ns  ((TSJ^2 + TIJ^2)^1/2 + DJ) / 2 + PE
    Total System Jitter     (TSJ):    0.071ns
    Total Input Jitter      (TIJ):    0.000ns
    Discrete Jitter          (DJ):    0.000ns
    Phase Error              (PE):    0.000ns

    Location             Delay type                Incr(ns)  Path(ns)    Netlist Resource(s)
  -------------------------------------------------------------------    -------------------
                         (clock sys_clk_pin rise edge)
                                                      0.000     0.000 r  
    W5                                                0.000     0.000 r  clk (IN)
                         net (fo=0)                   0.000     0.000    clk
    W5                   IBUF (Prop_ibuf_I_O)         1.458     1.458 r  clk_IBUF_inst/O
                         net (fo=1, routed)           1.967     3.425    clk_IBUF
    BUFGCTRL_X0Y0        BUFG (Prop_bufg_I_O)         0.096     3.521 r  clk_IBUF_BUFG_inst/O
                         net (fo=3, routed)           1.637     5.158    clk_IBUF_BUFG
    SLICE_X1Y7           FDCE                                         r  PS_reg[1]/C
  -------------------------------------------------------------------    -------------------
    SLICE_X1Y7           FDCE (Prop_fdce_C_Q)         0.456     5.614 f  PS_reg[1]/Q
                         net (fo=9, routed)           0.539     6.153    PS[1]
    SLICE_X1Y7           LUT6 (Prop_lut6_I5_O)        0.124     6.277 r  PS[1]_i_3/O
                         net (fo=1, routed)           0.000     6.277    PS[1]_i_3_n_0
    SLICE_X1Y7           MUXF7 (Prop_muxf7_I1_O)      0.217     6.494 r  PS_reg[1]_i_1/O
                         net (fo=1, routed)           0.000     6.494    NS[1]
    SLICE_X1Y7           FDCE                                         r  PS_reg[1]/D
  -------------------------------------------------------------------    -------------------

                         (clock sys_clk_pin rise edge)
                                                     10.000    10.000 r  
    W5                                                0.000    10.000 r  clk (IN)
                         net (fo=0)                   0.000    10.000    clk
    W5                   IBUF (Prop_ibuf_I_O)         1.388    11.388 r  clk_IBUF_inst/O
                         net (fo=1, routed)           1.862    13.250    clk_IBUF
    BUFGCTRL_X0Y0        BUFG (Prop_bufg_I_O)         0.091    13.341 r  clk_IBUF_BUFG_inst/O
                         net (fo=3, routed)           1.518    14.859    clk_IBUF_BUFG
    SLICE_X1Y7           FDCE                                         r  PS_reg[1]/C
                         clock pessimism              0.299    15.158    
                         clock uncertainty           -0.035    15.123    
    SLICE_X1Y7           FDCE (Setup_fdce_C_D)        0.064    15.187    PS_reg[1]
  -------------------------------------------------------------------
                         required time                         15.187    
                         arrival time                          -6.494    
  -------------------------------------------------------------------
                         slack                                  8.693    





Min Delay Paths
--------------------------------------------------------------------------------------
Slack (MET) :             0.218ns  (arrival time - required time)
  Source:                 PS_reg[2]/C
                            (rising edge-triggered cell FDCE clocked by sys_clk_pin  {rise@0.000ns fall@5.000ns period=10.000ns})
  Destination:            PS_reg[2]/D
                            (rising edge-triggered cell FDCE clocked by sys_clk_pin  {rise@0.000ns fall@5.000ns period=10.000ns})
  Path Group:             sys_clk_pin
  Path Type:              Hold (Min at Fast Process Corner)
  Requirement:            0.000ns  (sys_clk_pin rise@0.000ns - sys_clk_pin rise@0.000ns)
  Data Path Delay:        0.323ns  (logic 0.234ns (72.445%)  route 0.089ns (27.555%))
  Logic Levels:           1  (MUXF7=1)
  Clock Path Skew:        0.000ns (DCD - SCD - CPR)
    Destination Clock Delay (DCD):    1.992ns
    Source Clock Delay      (SCD):    1.477ns
    Clock Pessimism Removal (CPR):    0.515ns

    Location             Delay type                Incr(ns)  Path(ns)    Netlist Resource(s)
  -------------------------------------------------------------------    -------------------
                         (clock sys_clk_pin rise edge)
                                                      0.000     0.000 r  
    W5                                                0.000     0.000 r  clk (IN)
                         net (fo=0)                   0.000     0.000    clk
    W5                   IBUF (Prop_ibuf_I_O)         0.226     0.226 r  clk_IBUF_inst/O
                         net (fo=1, routed)           0.631     0.858    clk_IBUF
    BUFGCTRL_X0Y0        BUFG (Prop_bufg_I_O)         0.026     0.884 r  clk_IBUF_BUFG_inst/O
                         net (fo=3, routed)           0.594     1.477    clk_IBUF_BUFG
    SLICE_X1Y7           FDCE                                         r  PS_reg[2]/C
  -------------------------------------------------------------------    -------------------
    SLICE_X1Y7           FDCE (Prop_fdce_C_Q)         0.141     1.618 r  PS_reg[2]/Q
                         net (fo=7, routed)           0.089     1.707    PS[2]
    SLICE_X1Y7           MUXF7 (Prop_muxf7_S_O)       0.093     1.800 r  PS_reg[2]_i_1/O
                         net (fo=1, routed)           0.000     1.800    NS[2]
    SLICE_X1Y7           FDCE                                         r  PS_reg[2]/D
  -------------------------------------------------------------------    -------------------

                         (clock sys_clk_pin rise edge)
                                                      0.000     0.000 r  
    W5                                                0.000     0.000 r  clk (IN)
                         net (fo=0)                   0.000     0.000    clk
    W5                   IBUF (Prop_ibuf_I_O)         0.414     0.414 r  clk_IBUF_inst/O
                         net (fo=1, routed)           0.685     1.099    clk_IBUF
    BUFGCTRL_X0Y0        BUFG (Prop_bufg_I_O)         0.029     1.128 r  clk_IBUF_BUFG_inst/O
                         net (fo=3, routed)           0.865     1.992    clk_IBUF_BUFG
    SLICE_X1Y7           FDCE                                         r  PS_reg[2]/C
                         clock pessimism             -0.515     1.477    
    SLICE_X1Y7           FDCE (Hold_fdce_C_D)         0.105     1.582    PS_reg[2]
  -------------------------------------------------------------------
                         required time                         -1.582    
                         arrival time                           1.800    
  -------------------------------------------------------------------
                         slack                                  0.218    

Slack (MET) :             0.270ns  (arrival time - required time)
  Source:                 PS_reg[2]/C
                            (rising edge-triggered cell FDCE clocked by sys_clk_pin  {rise@0.000ns fall@5.000ns period=10.000ns})
  Destination:            PS_reg[1]/D
                            (rising edge-triggered cell FDCE clocked by sys_clk_pin  {rise@0.000ns fall@5.000ns period=10.000ns})
  Path Group:             sys_clk_pin
  Path Type:              Hold (Min at Fast Process Corner)
  Requirement:            0.000ns  (sys_clk_pin rise@0.000ns - sys_clk_pin rise@0.000ns)
  Data Path Delay:        0.375ns  (logic 0.226ns (60.223%)  route 0.149ns (39.777%))
  Logic Levels:           1  (MUXF7=1)
  Clock Path Skew:        0.000ns (DCD - SCD - CPR)
    Destination Clock Delay (DCD):    1.992ns
    Source Clock Delay      (SCD):    1.477ns
    Clock Pessimism Removal (CPR):    0.515ns

    Location             Delay type                Incr(ns)  Path(ns)    Netlist Resource(s)
  -------------------------------------------------------------------    -------------------
                         (clock sys_clk_pin rise edge)
                                                      0.000     0.000 r  
    W5                                                0.000     0.000 r  clk (IN)
                         net (fo=0)                   0.000     0.000    clk
    W5                   IBUF (Prop_ibuf_I_O)         0.226     0.226 r  clk_IBUF_inst/O
                         net (fo=1, routed)           0.631     0.858    clk_IBUF
    BUFGCTRL_X0Y0        BUFG (Prop_bufg_I_O)         0.026     0.884 r  clk_IBUF_BUFG_inst/O
                         net (fo=3, routed)           0.594     1.477    clk_IBUF_BUFG
    SLICE_X1Y7           FDCE                                         r  PS_reg[2]/C
  -------------------------------------------------------------------    -------------------
    SLICE_X1Y7           FDCE (Prop_fdce_C_Q)         0.141     1.618 r  PS_reg[2]/Q
                         net (fo=7, routed)           0.149     1.767    PS[2]
    SLICE_X1Y7           MUXF7 (Prop_muxf7_S_O)       0.085     1.852 r  PS_reg[1]_i_1/O
                         net (fo=1, routed)           0.000     1.852    NS[1]
    SLICE_X1Y7           FDCE                                         r  PS_reg[1]/D
  -------------------------------------------------------------------    -------------------

                         (clock sys_clk_pin rise edge)
                                                      0.000     0.000 r  
    W5                                                0.000     0.000 r  clk (IN)
                         net (fo=0)                   0.000     0.000    clk
    W5                   IBUF (Prop_ibuf_I_O)         0.414     0.414 r  clk_IBUF_inst/O
                         net (fo=1, routed)           0.685     1.099    clk_IBUF
    BUFGCTRL_X0Y0        BUFG (Prop_bufg_I_O)         0.029     1.128 r  clk_IBUF_BUFG_inst/O
                         net (fo=3, routed)           0.865     1.992    clk_IBUF_BUFG
    SLICE_X1Y7           FDCE                                         r  PS_reg[1]/C
                         clock pessimism             -0.515     1.477    
    SLICE_X1Y7           FDCE (Hold_fdce_C_D)         0.105     1.582    PS_reg[1]
  -------------------------------------------------------------------
                         required time                         -1.582    
                         arrival time                           1.852    
  -------------------------------------------------------------------
                         slack                                  0.270    

Slack (MET) :             0.323ns  (arrival time - required time)
  Source:                 PS_reg[2]/C
                            (rising edge-triggered cell FDCE clocked by sys_clk_pin  {rise@0.000ns fall@5.000ns period=10.000ns})
  Destination:            PS_reg[0]/D
                            (rising edge-triggered cell FDCE clocked by sys_clk_pin  {rise@0.000ns fall@5.000ns period=10.000ns})
  Path Group:             sys_clk_pin
  Path Type:              Hold (Min at Fast Process Corner)
  Requirement:            0.000ns  (sys_clk_pin rise@0.000ns - sys_clk_pin rise@0.000ns)
  Data Path Delay:        0.441ns  (logic 0.226ns (51.201%)  route 0.215ns (48.799%))
  Logic Levels:           1  (MUXF7=1)
  Clock Path Skew:        0.013ns (DCD - SCD - CPR)
    Destination Clock Delay (DCD):    1.992ns
    Source Clock Delay      (SCD):    1.477ns
    Clock Pessimism Removal (CPR):    0.502ns

    Location             Delay type                Incr(ns)  Path(ns)    Netlist Resource(s)
  -------------------------------------------------------------------    -------------------
                         (clock sys_clk_pin rise edge)
                                                      0.000     0.000 r  
    W5                                                0.000     0.000 r  clk (IN)
                         net (fo=0)                   0.000     0.000    clk
    W5                   IBUF (Prop_ibuf_I_O)         0.226     0.226 r  clk_IBUF_inst/O
                         net (fo=1, routed)           0.631     0.858    clk_IBUF
    BUFGCTRL_X0Y0        BUFG (Prop_bufg_I_O)         0.026     0.884 r  clk_IBUF_BUFG_inst/O
                         net (fo=3, routed)           0.594     1.477    clk_IBUF_BUFG
    SLICE_X1Y7           FDCE                                         r  PS_reg[2]/C
  -------------------------------------------------------------------    -------------------
    SLICE_X1Y7           FDCE (Prop_fdce_C_Q)         0.141     1.618 r  PS_reg[2]/Q
                         net (fo=7, routed)           0.215     1.834    PS[2]
    SLICE_X0Y7           MUXF7 (Prop_muxf7_S_O)       0.085     1.919 r  PS_reg[0]_i_1/O
                         net (fo=1, routed)           0.000     1.919    NS[0]
    SLICE_X0Y7           FDCE                                         r  PS_reg[0]/D
  -------------------------------------------------------------------    -------------------

                         (clock sys_clk_pin rise edge)
                                                      0.000     0.000 r  
    W5                                                0.000     0.000 r  clk (IN)
                         net (fo=0)                   0.000     0.000    clk
    W5                   IBUF (Prop_ibuf_I_O)         0.414     0.414 r  clk_IBUF_inst/O
                         net (fo=1, routed)           0.685     1.099    clk_IBUF
    BUFGCTRL_X0Y0        BUFG (Prop_bufg_I_O)         0.029     1.128 r  clk_IBUF_BUFG_inst/O
                         net (fo=3, routed)           0.865     1.992    clk_IBUF_BUFG
    SLICE_X0Y7           FDCE                                         r  PS_reg[0]/C
                         clock pessimism             -0.502     1.490    
    SLICE_X0Y7           FDCE (Hold_fdce_C_D)         0.105     1.595    PS_reg[0]
  -------------------------------------------------------------------
                         required time                         -1.595    
                         arrival time                           1.919    
  -------------------------------------------------------------------
                         slack                                  0.323    





Pulse Width Checks
--------------------------------------------------------------------------------------
Clock Name:         sys_clk_pin
Waveform(ns):       { 0.000 5.000 }
Period(ns):         10.000
Sources:            { clk }

Check Type        Corner  Lib Pin  Reference Pin  Required(ns)  Actual(ns)  Slack(ns)  Location       Pin
Min Period        n/a     BUFG/I   n/a            2.155         10.000      7.845      BUFGCTRL_X0Y0  clk_IBUF_BUFG_inst/I
Min Period        n/a     FDCE/C   n/a            1.000         10.000      9.000      SLICE_X0Y7     PS_reg[0]/C
Min Period        n/a     FDCE/C   n/a            1.000         10.000      9.000      SLICE_X1Y7     PS_reg[1]/C
Min Period        n/a     FDCE/C   n/a            1.000         10.000      9.000      SLICE_X1Y7     PS_reg[2]/C
Low Pulse Width   Slow    FDCE/C   n/a            0.500         5.000       4.500      SLICE_X0Y7     PS_reg[0]/C
Low Pulse Width   Fast    FDCE/C   n/a            0.500         5.000       4.500      SLICE_X0Y7     PS_reg[0]/C
Low Pulse Width   Slow    FDCE/C   n/a            0.500         5.000       4.500      SLICE_X1Y7     PS_reg[1]/C
Low Pulse Width   Fast    FDCE/C   n/a            0.500         5.000       4.500      SLICE_X1Y7     PS_reg[1]/C
Low Pulse Width   Slow    FDCE/C   n/a            0.500         5.000       4.500      SLICE_X1Y7     PS_reg[2]/C
Low Pulse Width   Fast    FDCE/C   n/a            0.500         5.000       4.500      SLICE_X1Y7     PS_reg[2]/C
High Pulse Width  Slow    FDCE/C   n/a            0.500         5.000       4.500      SLICE_X0Y7     PS_reg[0]/C
High Pulse Width  Fast    FDCE/C   n/a            0.500         5.000       4.500      SLICE_X0Y7     PS_reg[0]/C
High Pulse Width  Slow    FDCE/C   n/a            0.500         5.000       4.500      SLICE_X1Y7     PS_reg[1]/C
High Pulse Width  Fast    FDCE/C   n/a            0.500         5.000       4.500      SLICE_X1Y7     PS_reg[1]/C
High Pulse Width  Slow    FDCE/C   n/a            0.500         5.000       4.500      SLICE_X1Y7     PS_reg[2]/C
High Pulse Width  Fast    FDCE/C   n/a            0.500         5.000       4.500      SLICE_X1Y7     PS_reg[2]/C



--------------------------------------------------------------------------------------
Path Group:  (none)
From Clock:  sys_clk_pin
  To Clock:  

Max Delay             4 Endpoints
Min Delay             4 Endpoints
--------------------------------------------------------------------------------------


Max Delay Paths
--------------------------------------------------------------------------------------
Slack:                    inf
  Source:                 PS_reg[0]/C
                            (rising edge-triggered cell FDCE clocked by sys_clk_pin  {rise@0.000ns fall@5.000ns period=10.000ns})
  Destination:            grant[2]
                            (output port)
  Path Group:             (none)
  Path Type:              Max at Slow Process Corner
  Data Path Delay:        7.874ns  (logic 4.110ns (52.192%)  route 3.764ns (47.808%))
  Logic Levels:           2  (LUT3=1 OBUF=1)
  Clock Uncertainty:      0.025ns  ((TSJ^2 + TIJ^2)^1/2 + DJ) / 2 + PE
    Total System Jitter     (TSJ):    0.050ns
    Total Input Jitter      (TIJ):    0.000ns
    Discrete Jitter          (DJ):    0.000ns
    Phase Error              (PE):    0.000ns

    Location             Delay type                Incr(ns)  Path(ns)    Netlist Resource(s)
  -------------------------------------------------------------------    -------------------
                         (clock sys_clk_pin rise edge)
                                                      0.000     0.000 r  
    W5                                                0.000     0.000 r  clk (IN)
                         net (fo=0)                   0.000     0.000    clk
    W5                   IBUF (Prop_ibuf_I_O)         1.458     1.458 r  clk_IBUF_inst/O
                         net (fo=1, routed)           1.967     3.425    clk_IBUF
    BUFGCTRL_X0Y0        BUFG (Prop_bufg_I_O)         0.096     3.521 r  clk_IBUF_BUFG_inst/O
                         net (fo=3, routed)           1.637     5.158    clk_IBUF_BUFG
    SLICE_X0Y7           FDCE                                         r  PS_reg[0]/C
  -------------------------------------------------------------------    -------------------
    SLICE_X0Y7           FDCE (Prop_fdce_C_Q)         0.456     5.614 r  PS_reg[0]/Q
                         net (fo=9, routed)           0.863     6.477    PS[0]
    SLICE_X0Y7           LUT3 (Prop_lut3_I1_O)        0.124     6.601 r  grant_OBUF[2]_inst_i_1/O
                         net (fo=1, routed)           2.901     9.503    grant_OBUF[2]
    E19                  OBUF (Prop_obuf_I_O)         3.530    13.032 r  grant_OBUF[2]_inst/O
                         net (fo=0)                   0.000    13.032    grant[2]
    E19                                                               r  grant[2] (OUT)
  -------------------------------------------------------------------    -------------------

Slack:                    inf
  Source:                 PS_reg[0]/C
                            (rising edge-triggered cell FDCE clocked by sys_clk_pin  {rise@0.000ns fall@5.000ns period=10.000ns})
  Destination:            grant[0]
                            (output port)
  Path Group:             (none)
  Path Type:              Max at Slow Process Corner
  Data Path Delay:        7.243ns  (logic 4.322ns (59.673%)  route 2.921ns (40.327%))
  Logic Levels:           2  (LUT3=1 OBUF=1)
  Clock Uncertainty:      0.025ns  ((TSJ^2 + TIJ^2)^1/2 + DJ) / 2 + PE
    Total System Jitter     (TSJ):    0.050ns
    Total Input Jitter      (TIJ):    0.000ns
    Discrete Jitter          (DJ):    0.000ns
    Phase Error              (PE):    0.000ns

    Location             Delay type                Incr(ns)  Path(ns)    Netlist Resource(s)
  -------------------------------------------------------------------    -------------------
                         (clock sys_clk_pin rise edge)
                                                      0.000     0.000 r  
    W5                                                0.000     0.000 r  clk (IN)
                         net (fo=0)                   0.000     0.000    clk
    W5                   IBUF (Prop_ibuf_I_O)         1.458     1.458 r  clk_IBUF_inst/O
                         net (fo=1, routed)           1.967     3.425    clk_IBUF
    BUFGCTRL_X0Y0        BUFG (Prop_bufg_I_O)         0.096     3.521 r  clk_IBUF_BUFG_inst/O
                         net (fo=3, routed)           1.637     5.158    clk_IBUF_BUFG
    SLICE_X0Y7           FDCE                                         r  PS_reg[0]/C
  -------------------------------------------------------------------    -------------------
    SLICE_X0Y7           FDCE (Prop_fdce_C_Q)         0.456     5.614 r  PS_reg[0]/Q
                         net (fo=9, routed)           0.869     6.483    PS[0]
    SLICE_X0Y7           LUT3 (Prop_lut3_I1_O)        0.154     6.637 r  grant_OBUF[0]_inst_i_1/O
                         net (fo=1, routed)           2.052     8.689    grant_OBUF[0]
    V19                  OBUF (Prop_obuf_I_O)         3.712    12.401 r  grant_OBUF[0]_inst/O
                         net (fo=0)                   0.000    12.401    grant[0]
    V19                                                               r  grant[0] (OUT)
  -------------------------------------------------------------------    -------------------

Slack:                    inf
  Source:                 PS_reg[0]/C
                            (rising edge-triggered cell FDCE clocked by sys_clk_pin  {rise@0.000ns fall@5.000ns period=10.000ns})
  Destination:            grant[3]
                            (output port)
  Path Group:             (none)
  Path Type:              Max at Slow Process Corner
  Data Path Delay:        7.051ns  (logic 4.319ns (61.250%)  route 2.732ns (38.750%))
  Logic Levels:           2  (LUT3=1 OBUF=1)
  Clock Uncertainty:      0.025ns  ((TSJ^2 + TIJ^2)^1/2 + DJ) / 2 + PE
    Total System Jitter     (TSJ):    0.050ns
    Total Input Jitter      (TIJ):    0.000ns
    Discrete Jitter          (DJ):    0.000ns
    Phase Error              (PE):    0.000ns

    Location             Delay type                Incr(ns)  Path(ns)    Netlist Resource(s)
  -------------------------------------------------------------------    -------------------
                         (clock sys_clk_pin rise edge)
                                                      0.000     0.000 r  
    W5                                                0.000     0.000 r  clk (IN)
                         net (fo=0)                   0.000     0.000    clk
    W5                   IBUF (Prop_ibuf_I_O)         1.458     1.458 r  clk_IBUF_inst/O
                         net (fo=1, routed)           1.967     3.425    clk_IBUF
    BUFGCTRL_X0Y0        BUFG (Prop_bufg_I_O)         0.096     3.521 r  clk_IBUF_BUFG_inst/O
                         net (fo=3, routed)           1.637     5.158    clk_IBUF_BUFG
    SLICE_X0Y7           FDCE                                         r  PS_reg[0]/C
  -------------------------------------------------------------------    -------------------
    SLICE_X0Y7           FDCE (Prop_fdce_C_Q)         0.456     5.614 f  PS_reg[0]/Q
                         net (fo=9, routed)           0.863     6.477    PS[0]
    SLICE_X0Y7           LUT3 (Prop_lut3_I1_O)        0.150     6.627 r  grant_OBUF[3]_inst_i_1/O
                         net (fo=1, routed)           1.869     8.496    grant_OBUF[3]
    U16                  OBUF (Prop_obuf_I_O)         3.713    12.209 r  grant_OBUF[3]_inst/O
                         net (fo=0)                   0.000    12.209    grant[3]
    U16                                                               r  grant[3] (OUT)
  -------------------------------------------------------------------    -------------------

Slack:                    inf
  Source:                 PS_reg[0]/C
                            (rising edge-triggered cell FDCE clocked by sys_clk_pin  {rise@0.000ns fall@5.000ns period=10.000ns})
  Destination:            grant[1]
                            (output port)
  Path Group:             (none)
  Path Type:              Max at Slow Process Corner
  Data Path Delay:        7.021ns  (logic 4.081ns (58.124%)  route 2.940ns (41.876%))
  Logic Levels:           2  (LUT3=1 OBUF=1)
  Clock Uncertainty:      0.025ns  ((TSJ^2 + TIJ^2)^1/2 + DJ) / 2 + PE
    Total System Jitter     (TSJ):    0.050ns
    Total Input Jitter      (TIJ):    0.000ns
    Discrete Jitter          (DJ):    0.000ns
    Phase Error              (PE):    0.000ns

    Location             Delay type                Incr(ns)  Path(ns)    Netlist Resource(s)
  -------------------------------------------------------------------    -------------------
                         (clock sys_clk_pin rise edge)
                                                      0.000     0.000 r  
    W5                                                0.000     0.000 r  clk (IN)
                         net (fo=0)                   0.000     0.000    clk
    W5                   IBUF (Prop_ibuf_I_O)         1.458     1.458 r  clk_IBUF_inst/O
                         net (fo=1, routed)           1.967     3.425    clk_IBUF
    BUFGCTRL_X0Y0        BUFG (Prop_bufg_I_O)         0.096     3.521 r  clk_IBUF_BUFG_inst/O
                         net (fo=3, routed)           1.637     5.158    clk_IBUF_BUFG
    SLICE_X0Y7           FDCE                                         r  PS_reg[0]/C
  -------------------------------------------------------------------    -------------------
    SLICE_X0Y7           FDCE (Prop_fdce_C_Q)         0.456     5.614 f  PS_reg[0]/Q
                         net (fo=9, routed)           0.869     6.483    PS[0]
    SLICE_X0Y7           LUT3 (Prop_lut3_I0_O)        0.124     6.607 r  grant_OBUF[1]_inst_i_1/O
                         net (fo=1, routed)           2.072     8.678    grant_OBUF[1]
    U19                  OBUF (Prop_obuf_I_O)         3.501    12.179 r  grant_OBUF[1]_inst/O
                         net (fo=0)                   0.000    12.179    grant[1]
    U19                                                               r  grant[1] (OUT)
  -------------------------------------------------------------------    -------------------





Min Delay Paths
--------------------------------------------------------------------------------------
Slack:                    inf
  Source:                 PS_reg[2]/C
                            (rising edge-triggered cell FDCE clocked by sys_clk_pin  {rise@0.000ns fall@5.000ns period=10.000ns})
  Destination:            grant[3]
                            (output port)
  Path Group:             (none)
  Path Type:              Min at Fast Process Corner
  Data Path Delay:        2.043ns  (logic 1.458ns (71.362%)  route 0.585ns (28.638%))
  Logic Levels:           2  (LUT3=1 OBUF=1)
  Clock Uncertainty:      0.025ns  ((TSJ^2 + TIJ^2)^1/2 + DJ) / 2 + PE
    Total System Jitter     (TSJ):    0.050ns
    Total Input Jitter      (TIJ):    0.000ns
    Discrete Jitter          (DJ):    0.000ns
    Phase Error              (PE):    0.000ns

    Location             Delay type                Incr(ns)  Path(ns)    Netlist Resource(s)
  -------------------------------------------------------------------    -------------------
                         (clock sys_clk_pin rise edge)
                                                      0.000     0.000 r  
    W5                                                0.000     0.000 r  clk (IN)
                         net (fo=0)                   0.000     0.000    clk
    W5                   IBUF (Prop_ibuf_I_O)         0.226     0.226 r  clk_IBUF_inst/O
                         net (fo=1, routed)           0.631     0.858    clk_IBUF
    BUFGCTRL_X0Y0        BUFG (Prop_bufg_I_O)         0.026     0.884 r  clk_IBUF_BUFG_inst/O
                         net (fo=3, routed)           0.594     1.477    clk_IBUF_BUFG
    SLICE_X1Y7           FDCE                                         r  PS_reg[2]/C
  -------------------------------------------------------------------    -------------------
    SLICE_X1Y7           FDCE (Prop_fdce_C_Q)         0.141     1.618 r  PS_reg[2]/Q
                         net (fo=7, routed)           0.170     1.788    PS[2]
    SLICE_X0Y7           LUT3 (Prop_lut3_I2_O)        0.044     1.832 r  grant_OBUF[3]_inst_i_1/O
                         net (fo=1, routed)           0.415     2.247    grant_OBUF[3]
    U16                  OBUF (Prop_obuf_I_O)         1.273     3.520 r  grant_OBUF[3]_inst/O
                         net (fo=0)                   0.000     3.520    grant[3]
    U16                                                               r  grant[3] (OUT)
  -------------------------------------------------------------------    -------------------

Slack:                    inf
  Source:                 PS_reg[2]/C
                            (rising edge-triggered cell FDCE clocked by sys_clk_pin  {rise@0.000ns fall@5.000ns period=10.000ns})
  Destination:            grant[1]
                            (output port)
  Path Group:             (none)
  Path Type:              Min at Fast Process Corner
  Data Path Delay:        2.071ns  (logic 1.388ns (67.022%)  route 0.683ns (32.978%))
  Logic Levels:           2  (LUT3=1 OBUF=1)
  Clock Uncertainty:      0.025ns  ((TSJ^2 + TIJ^2)^1/2 + DJ) / 2 + PE
    Total System Jitter     (TSJ):    0.050ns
    Total Input Jitter      (TIJ):    0.000ns
    Discrete Jitter          (DJ):    0.000ns
    Phase Error              (PE):    0.000ns

    Location             Delay type                Incr(ns)  Path(ns)    Netlist Resource(s)
  -------------------------------------------------------------------    -------------------
                         (clock sys_clk_pin rise edge)
                                                      0.000     0.000 r  
    W5                                                0.000     0.000 r  clk (IN)
                         net (fo=0)                   0.000     0.000    clk
    W5                   IBUF (Prop_ibuf_I_O)         0.226     0.226 r  clk_IBUF_inst/O
                         net (fo=1, routed)           0.631     0.858    clk_IBUF
    BUFGCTRL_X0Y0        BUFG (Prop_bufg_I_O)         0.026     0.884 r  clk_IBUF_BUFG_inst/O
                         net (fo=3, routed)           0.594     1.477    clk_IBUF_BUFG
    SLICE_X1Y7           FDCE                                         r  PS_reg[2]/C
  -------------------------------------------------------------------    -------------------
    SLICE_X1Y7           FDCE (Prop_fdce_C_Q)         0.141     1.618 f  PS_reg[2]/Q
                         net (fo=7, routed)           0.176     1.795    PS[2]
    SLICE_X0Y7           LUT3 (Prop_lut3_I2_O)        0.045     1.840 r  grant_OBUF[1]_inst_i_1/O
                         net (fo=1, routed)           0.507     2.346    grant_OBUF[1]
    U19                  OBUF (Prop_obuf_I_O)         1.202     3.548 r  grant_OBUF[1]_inst/O
                         net (fo=0)                   0.000     3.548    grant[1]
    U19                                                               r  grant[1] (OUT)
  -------------------------------------------------------------------    -------------------

Slack:                    inf
  Source:                 PS_reg[2]/C
                            (rising edge-triggered cell FDCE clocked by sys_clk_pin  {rise@0.000ns fall@5.000ns period=10.000ns})
  Destination:            grant[0]
                            (output port)
  Path Group:             (none)
  Path Type:              Min at Fast Process Corner
  Data Path Delay:        2.137ns  (logic 1.461ns (68.379%)  route 0.676ns (31.621%))
  Logic Levels:           2  (LUT3=1 OBUF=1)
  Clock Uncertainty:      0.025ns  ((TSJ^2 + TIJ^2)^1/2 + DJ) / 2 + PE
    Total System Jitter     (TSJ):    0.050ns
    Total Input Jitter      (TIJ):    0.000ns
    Discrete Jitter          (DJ):    0.000ns
    Phase Error              (PE):    0.000ns

    Location             Delay type                Incr(ns)  Path(ns)    Netlist Resource(s)
  -------------------------------------------------------------------    -------------------
                         (clock sys_clk_pin rise edge)
                                                      0.000     0.000 r  
    W5                                                0.000     0.000 r  clk (IN)
                         net (fo=0)                   0.000     0.000    clk
    W5                   IBUF (Prop_ibuf_I_O)         0.226     0.226 r  clk_IBUF_inst/O
                         net (fo=1, routed)           0.631     0.858    clk_IBUF
    BUFGCTRL_X0Y0        BUFG (Prop_bufg_I_O)         0.026     0.884 r  clk_IBUF_BUFG_inst/O
                         net (fo=3, routed)           0.594     1.477    clk_IBUF_BUFG
    SLICE_X1Y7           FDCE                                         r  PS_reg[2]/C
  -------------------------------------------------------------------    -------------------
    SLICE_X1Y7           FDCE (Prop_fdce_C_Q)         0.141     1.618 f  PS_reg[2]/Q
                         net (fo=7, routed)           0.176     1.795    PS[2]
    SLICE_X0Y7           LUT3 (Prop_lut3_I2_O)        0.045     1.840 r  grant_OBUF[0]_inst_i_1/O
                         net (fo=1, routed)           0.499     2.339    grant_OBUF[0]
    V19                  OBUF (Prop_obuf_I_O)         1.275     3.614 r  grant_OBUF[0]_inst/O
                         net (fo=0)                   0.000     3.614    grant[0]
    V19                                                               r  grant[0] (OUT)
  -------------------------------------------------------------------    -------------------

Slack:                    inf
  Source:                 PS_reg[2]/C
                            (rising edge-triggered cell FDCE clocked by sys_clk_pin  {rise@0.000ns fall@5.000ns period=10.000ns})
  Destination:            grant[2]
                            (output port)
  Path Group:             (none)
  Path Type:              Min at Fast Process Corner
  Data Path Delay:        2.457ns  (logic 1.417ns (57.659%)  route 1.040ns (42.341%))
  Logic Levels:           2  (LUT3=1 OBUF=1)
  Clock Uncertainty:      0.025ns  ((TSJ^2 + TIJ^2)^1/2 + DJ) / 2 + PE
    Total System Jitter     (TSJ):    0.050ns
    Total Input Jitter      (TIJ):    0.000ns
    Discrete Jitter          (DJ):    0.000ns
    Phase Error              (PE):    0.000ns

    Location             Delay type                Incr(ns)  Path(ns)    Netlist Resource(s)
  -------------------------------------------------------------------    -------------------
                         (clock sys_clk_pin rise edge)
                                                      0.000     0.000 r  
    W5                                                0.000     0.000 r  clk (IN)
                         net (fo=0)                   0.000     0.000    clk
    W5                   IBUF (Prop_ibuf_I_O)         0.226     0.226 r  clk_IBUF_inst/O
                         net (fo=1, routed)           0.631     0.858    clk_IBUF
    BUFGCTRL_X0Y0        BUFG (Prop_bufg_I_O)         0.026     0.884 r  clk_IBUF_BUFG_inst/O
                         net (fo=3, routed)           0.594     1.477    clk_IBUF_BUFG
    SLICE_X1Y7           FDCE                                         r  PS_reg[2]/C
  -------------------------------------------------------------------    -------------------
    SLICE_X1Y7           FDCE (Prop_fdce_C_Q)         0.141     1.618 f  PS_reg[2]/Q
                         net (fo=7, routed)           0.170     1.788    PS[2]
    SLICE_X0Y7           LUT3 (Prop_lut3_I2_O)        0.045     1.833 r  grant_OBUF[2]_inst_i_1/O
                         net (fo=1, routed)           0.870     2.703    grant_OBUF[2]
    E19                  OBUF (Prop_obuf_I_O)         1.231     3.934 r  grant_OBUF[2]_inst/O
                         net (fo=0)                   0.000     3.934    grant[2]
    E19                                                               r  grant[2] (OUT)
  -------------------------------------------------------------------    -------------------





--------------------------------------------------------------------------------------
Path Group:  (none)
From Clock:  
  To Clock:  sys_clk_pin

Max Delay             6 Endpoints
Min Delay             6 Endpoints
--------------------------------------------------------------------------------------


Max Delay Paths
--------------------------------------------------------------------------------------
Slack:                    inf
  Source:                 req[3]
                            (input port)
  Destination:            PS_reg[1]/D
                            (rising edge-triggered cell FDCE clocked by sys_clk_pin  {rise@0.000ns fall@5.000ns period=10.000ns})
  Path Group:             (none)
  Path Type:              Setup (Max at Slow Process Corner)
  Data Path Delay:        3.448ns  (logic 1.802ns (52.276%)  route 1.645ns (47.724%))
  Logic Levels:           3  (IBUF=1 LUT6=1 MUXF7=1)
  Clock Path Skew:        4.859ns (DCD - SCD + CPR)
    Destination Clock Delay (DCD):    4.859ns
    Source Clock Delay      (SCD):    0.000ns
    Clock Pessimism Removal (CPR):    0.000ns
  Clock Uncertainty:      0.025ns  ((TSJ^2 + TIJ^2)^1/2 + DJ) / 2 + PE
    Total System Jitter     (TSJ):    0.050ns
    Total Input Jitter      (TIJ):    0.000ns
    Discrete Jitter          (DJ):    0.000ns
    Phase Error              (PE):    0.000ns

    Location             Delay type                Incr(ns)  Path(ns)    Netlist Resource(s)
  -------------------------------------------------------------------    -------------------
    V16                                               0.000     0.000 f  req[3] (IN)
                         net (fo=0)                   0.000     0.000    req[3]
    V16                  IBUF (Prop_ibuf_I_O)         1.461     1.461 f  req_IBUF[3]_inst/O
                         net (fo=4, routed)           1.645     3.107    req_IBUF[3]
    SLICE_X1Y7           LUT6 (Prop_lut6_I1_O)        0.124     3.231 r  PS[1]_i_3/O
                         net (fo=1, routed)           0.000     3.231    PS[1]_i_3_n_0
    SLICE_X1Y7           MUXF7 (Prop_muxf7_I1_O)      0.217     3.448 r  PS_reg[1]_i_1/O
                         net (fo=1, routed)           0.000     3.448    NS[1]
    SLICE_X1Y7           FDCE                                         r  PS_reg[1]/D
  -------------------------------------------------------------------    -------------------

                         (clock sys_clk_pin rise edge)
                                                      0.000     0.000 r  
    W5                                                0.000     0.000 r  clk (IN)
                         net (fo=0)                   0.000     0.000    clk
    W5                   IBUF (Prop_ibuf_I_O)         1.388     1.388 r  clk_IBUF_inst/O
                         net (fo=1, routed)           1.862     3.250    clk_IBUF
    BUFGCTRL_X0Y0        BUFG (Prop_bufg_I_O)         0.091     3.341 r  clk_IBUF_BUFG_inst/O
                         net (fo=3, routed)           1.518     4.859    clk_IBUF_BUFG
    SLICE_X1Y7           FDCE                                         r  PS_reg[1]/C

Slack:                    inf
  Source:                 req[3]
                            (input port)
  Destination:            PS_reg[0]/D
                            (rising edge-triggered cell FDCE clocked by sys_clk_pin  {rise@0.000ns fall@5.000ns period=10.000ns})
  Path Group:             (none)
  Path Type:              Setup (Max at Slow Process Corner)
  Data Path Delay:        3.236ns  (logic 1.802ns (55.700%)  route 1.433ns (44.300%))
  Logic Levels:           3  (IBUF=1 LUT6=1 MUXF7=1)
  Clock Path Skew:        4.859ns (DCD - SCD + CPR)
    Destination Clock Delay (DCD):    4.859ns
    Source Clock Delay      (SCD):    0.000ns
    Clock Pessimism Removal (CPR):    0.000ns
  Clock Uncertainty:      0.025ns  ((TSJ^2 + TIJ^2)^1/2 + DJ) / 2 + PE
    Total System Jitter     (TSJ):    0.050ns
    Total Input Jitter      (TIJ):    0.000ns
    Discrete Jitter          (DJ):    0.000ns
    Phase Error              (PE):    0.000ns

    Location             Delay type                Incr(ns)  Path(ns)    Netlist Resource(s)
  -------------------------------------------------------------------    -------------------
    V16                                               0.000     0.000 f  req[3] (IN)
                         net (fo=0)                   0.000     0.000    req[3]
    V16                  IBUF (Prop_ibuf_I_O)         1.461     1.461 f  req_IBUF[3]_inst/O
                         net (fo=4, routed)           1.433     2.895    req_IBUF[3]
    SLICE_X0Y7           LUT6 (Prop_lut6_I4_O)        0.124     3.019 r  PS[0]_i_3/O
                         net (fo=1, routed)           0.000     3.019    PS[0]_i_3_n_0
    SLICE_X0Y7           MUXF7 (Prop_muxf7_I1_O)      0.217     3.236 r  PS_reg[0]_i_1/O
                         net (fo=1, routed)           0.000     3.236    NS[0]
    SLICE_X0Y7           FDCE                                         r  PS_reg[0]/D
  -------------------------------------------------------------------    -------------------

                         (clock sys_clk_pin rise edge)
                                                      0.000     0.000 r  
    W5                                                0.000     0.000 r  clk (IN)
                         net (fo=0)                   0.000     0.000    clk
    W5                   IBUF (Prop_ibuf_I_O)         1.388     1.388 r  clk_IBUF_inst/O
                         net (fo=1, routed)           1.862     3.250    clk_IBUF
    BUFGCTRL_X0Y0        BUFG (Prop_bufg_I_O)         0.091     3.341 r  clk_IBUF_BUFG_inst/O
                         net (fo=3, routed)           1.518     4.859    clk_IBUF_BUFG
    SLICE_X0Y7           FDCE                                         r  PS_reg[0]/C

Slack:                    inf
  Source:                 req[3]
                            (input port)
  Destination:            PS_reg[2]/D
                            (rising edge-triggered cell FDCE clocked by sys_clk_pin  {rise@0.000ns fall@5.000ns period=10.000ns})
  Path Group:             (none)
  Path Type:              Setup (Max at Slow Process Corner)
  Data Path Delay:        3.119ns  (logic 1.830ns (58.688%)  route 1.288ns (41.312%))
  Logic Levels:           3  (IBUF=1 LUT3=1 MUXF7=1)
  Clock Path Skew:        4.859ns (DCD - SCD + CPR)
    Destination Clock Delay (DCD):    4.859ns
    Source Clock Delay      (SCD):    0.000ns
    Clock Pessimism Removal (CPR):    0.000ns
  Clock Uncertainty:      0.025ns  ((TSJ^2 + TIJ^2)^1/2 + DJ) / 2 + PE
    Total System Jitter     (TSJ):    0.050ns
    Total Input Jitter      (TIJ):    0.000ns
    Discrete Jitter          (DJ):    0.000ns
    Phase Error              (PE):    0.000ns

    Location             Delay type                Incr(ns)  Path(ns)    Netlist Resource(s)
  -------------------------------------------------------------------    -------------------
    V16                                               0.000     0.000 r  req[3] (IN)
                         net (fo=0)                   0.000     0.000    req[3]
    V16                  IBUF (Prop_ibuf_I_O)         1.461     1.461 r  req_IBUF[3]_inst/O
                         net (fo=4, routed)           1.288     2.750    req_IBUF[3]
    SLICE_X1Y7           LUT3 (Prop_lut3_I1_O)        0.124     2.874 r  PS[2]_i_3/O
                         net (fo=1, routed)           0.000     2.874    PS[2]_i_3_n_0
    SLICE_X1Y7           MUXF7 (Prop_muxf7_I1_O)      0.245     3.119 r  PS_reg[2]_i_1/O
                         net (fo=1, routed)           0.000     3.119    NS[2]
    SLICE_X1Y7           FDCE                                         r  PS_reg[2]/D
  -------------------------------------------------------------------    -------------------

                         (clock sys_clk_pin rise edge)
                                                      0.000     0.000 r  
    W5                                                0.000     0.000 r  clk (IN)
                         net (fo=0)                   0.000     0.000    clk
    W5                   IBUF (Prop_ibuf_I_O)         1.388     1.388 r  clk_IBUF_inst/O
                         net (fo=1, routed)           1.862     3.250    clk_IBUF
    BUFGCTRL_X0Y0        BUFG (Prop_bufg_I_O)         0.091     3.341 r  clk_IBUF_BUFG_inst/O
                         net (fo=3, routed)           1.518     4.859    clk_IBUF_BUFG
    SLICE_X1Y7           FDCE                                         r  PS_reg[2]/C

Slack:                    inf
  Source:                 rst
                            (input port)
  Destination:            PS_reg[0]/CLR
                            (recovery check against rising-edge clock sys_clk_pin  {rise@0.000ns fall@5.000ns period=10.000ns})
  Path Group:             (none)
  Path Type:              Recovery (Max at Slow Process Corner)
  Data Path Delay:        2.620ns  (logic 1.453ns (55.455%)  route 1.167ns (44.545%))
  Logic Levels:           1  (IBUF=1)
  Clock Path Skew:        4.859ns (DCD - SCD + CPR)
    Destination Clock Delay (DCD):    4.859ns
    Source Clock Delay      (SCD):    0.000ns
    Clock Pessimism Removal (CPR):    0.000ns
  Clock Uncertainty:      0.025ns  ((TSJ^2 + TIJ^2)^1/2 + DJ) / 2 + PE
    Total System Jitter     (TSJ):    0.050ns
    Total Input Jitter      (TIJ):    0.000ns
    Discrete Jitter          (DJ):    0.000ns
    Phase Error              (PE):    0.000ns

    Location             Delay type                Incr(ns)  Path(ns)    Netlist Resource(s)
  -------------------------------------------------------------------    -------------------
    V17                                               0.000     0.000 f  rst (IN)
                         net (fo=0)                   0.000     0.000    rst
    V17                  IBUF (Prop_ibuf_I_O)         1.453     1.453 f  rst_IBUF_inst/O
                         net (fo=3, routed)           1.167     2.620    rst_IBUF
    SLICE_X0Y7           FDCE                                         f  PS_reg[0]/CLR
  -------------------------------------------------------------------    -------------------

                         (clock sys_clk_pin rise edge)
                                                      0.000     0.000 r  
    W5                                                0.000     0.000 r  clk (IN)
                         net (fo=0)                   0.000     0.000    clk
    W5                   IBUF (Prop_ibuf_I_O)         1.388     1.388 r  clk_IBUF_inst/O
                         net (fo=1, routed)           1.862     3.250    clk_IBUF
    BUFGCTRL_X0Y0        BUFG (Prop_bufg_I_O)         0.091     3.341 r  clk_IBUF_BUFG_inst/O
                         net (fo=3, routed)           1.518     4.859    clk_IBUF_BUFG
    SLICE_X0Y7           FDCE                                         r  PS_reg[0]/C

Slack:                    inf
  Source:                 rst
                            (input port)
  Destination:            PS_reg[1]/CLR
                            (recovery check against rising-edge clock sys_clk_pin  {rise@0.000ns fall@5.000ns period=10.000ns})
  Path Group:             (none)
  Path Type:              Recovery (Max at Slow Process Corner)
  Data Path Delay:        2.615ns  (logic 1.453ns (55.548%)  route 1.163ns (44.452%))
  Logic Levels:           1  (IBUF=1)
  Clock Path Skew:        4.859ns (DCD - SCD + CPR)
    Destination Clock Delay (DCD):    4.859ns
    Source Clock Delay      (SCD):    0.000ns
    Clock Pessimism Removal (CPR):    0.000ns
  Clock Uncertainty:      0.025ns  ((TSJ^2 + TIJ^2)^1/2 + DJ) / 2 + PE
    Total System Jitter     (TSJ):    0.050ns
    Total Input Jitter      (TIJ):    0.000ns
    Discrete Jitter          (DJ):    0.000ns
    Phase Error              (PE):    0.000ns

    Location             Delay type                Incr(ns)  Path(ns)    Netlist Resource(s)
  -------------------------------------------------------------------    -------------------
    V17                                               0.000     0.000 f  rst (IN)
                         net (fo=0)                   0.000     0.000    rst
    V17                  IBUF (Prop_ibuf_I_O)         1.453     1.453 f  rst_IBUF_inst/O
                         net (fo=3, routed)           1.163     2.615    rst_IBUF
    SLICE_X1Y7           FDCE                                         f  PS_reg[1]/CLR
  -------------------------------------------------------------------    -------------------

                         (clock sys_clk_pin rise edge)
                                                      0.000     0.000 r  
    W5                                                0.000     0.000 r  clk (IN)
                         net (fo=0)                   0.000     0.000    clk
    W5                   IBUF (Prop_ibuf_I_O)         1.388     1.388 r  clk_IBUF_inst/O
                         net (fo=1, routed)           1.862     3.250    clk_IBUF
    BUFGCTRL_X0Y0        BUFG (Prop_bufg_I_O)         0.091     3.341 r  clk_IBUF_BUFG_inst/O
                         net (fo=3, routed)           1.518     4.859    clk_IBUF_BUFG
    SLICE_X1Y7           FDCE                                         r  PS_reg[1]/C

Slack:                    inf
  Source:                 rst
                            (input port)
  Destination:            PS_reg[2]/CLR
                            (recovery check against rising-edge clock sys_clk_pin  {rise@0.000ns fall@5.000ns period=10.000ns})
  Path Group:             (none)
  Path Type:              Recovery (Max at Slow Process Corner)
  Data Path Delay:        2.615ns  (logic 1.453ns (55.548%)  route 1.163ns (44.452%))
  Logic Levels:           1  (IBUF=1)
  Clock Path Skew:        4.859ns (DCD - SCD + CPR)
    Destination Clock Delay (DCD):    4.859ns
    Source Clock Delay      (SCD):    0.000ns
    Clock Pessimism Removal (CPR):    0.000ns
  Clock Uncertainty:      0.025ns  ((TSJ^2 + TIJ^2)^1/2 + DJ) / 2 + PE
    Total System Jitter     (TSJ):    0.050ns
    Total Input Jitter      (TIJ):    0.000ns
    Discrete Jitter          (DJ):    0.000ns
    Phase Error              (PE):    0.000ns

    Location             Delay type                Incr(ns)  Path(ns)    Netlist Resource(s)
  -------------------------------------------------------------------    -------------------
    V17                                               0.000     0.000 f  rst (IN)
                         net (fo=0)                   0.000     0.000    rst
    V17                  IBUF (Prop_ibuf_I_O)         1.453     1.453 f  rst_IBUF_inst/O
                         net (fo=3, routed)           1.163     2.615    rst_IBUF
    SLICE_X1Y7           FDCE                                         f  PS_reg[2]/CLR
  -------------------------------------------------------------------    -------------------

                         (clock sys_clk_pin rise edge)
                                                      0.000     0.000 r  
    W5                                                0.000     0.000 r  clk (IN)
                         net (fo=0)                   0.000     0.000    clk
    W5                   IBUF (Prop_ibuf_I_O)         1.388     1.388 r  clk_IBUF_inst/O
                         net (fo=1, routed)           1.862     3.250    clk_IBUF
    BUFGCTRL_X0Y0        BUFG (Prop_bufg_I_O)         0.091     3.341 r  clk_IBUF_BUFG_inst/O
                         net (fo=3, routed)           1.518     4.859    clk_IBUF_BUFG
    SLICE_X1Y7           FDCE                                         r  PS_reg[2]/C





Min Delay Paths
--------------------------------------------------------------------------------------
Slack:                    inf
  Source:                 rst
                            (input port)
  Destination:            PS_reg[1]/CLR
                            (removal check against rising-edge clock sys_clk_pin  {rise@0.000ns fall@5.000ns period=10.000ns})
  Path Group:             (none)
  Path Type:              Removal (Min at Fast Process Corner)
  Data Path Delay:        0.678ns  (logic 0.221ns (32.609%)  route 0.457ns (67.391%))
  Logic Levels:           1  (IBUF=1)
  Clock Path Skew:        1.992ns (DCD - SCD - CPR)
    Destination Clock Delay (DCD):    1.992ns
    Source Clock Delay      (SCD):    0.000ns
    Clock Pessimism Removal (CPR):    -0.000ns

    Location             Delay type                Incr(ns)  Path(ns)    Netlist Resource(s)
  -------------------------------------------------------------------    -------------------
    V17                                               0.000     0.000 f  rst (IN)
                         net (fo=0)                   0.000     0.000    rst
    V17                  IBUF (Prop_ibuf_I_O)         0.221     0.221 f  rst_IBUF_inst/O
                         net (fo=3, routed)           0.457     0.678    rst_IBUF
    SLICE_X1Y7           FDCE                                         f  PS_reg[1]/CLR
  -------------------------------------------------------------------    -------------------

                         (clock sys_clk_pin rise edge)
                                                      0.000     0.000 r  
    W5                                                0.000     0.000 r  clk (IN)
                         net (fo=0)                   0.000     0.000    clk
    W5                   IBUF (Prop_ibuf_I_O)         0.414     0.414 r  clk_IBUF_inst/O
                         net (fo=1, routed)           0.685     1.099    clk_IBUF
    BUFGCTRL_X0Y0        BUFG (Prop_bufg_I_O)         0.029     1.128 r  clk_IBUF_BUFG_inst/O
                         net (fo=3, routed)           0.865     1.992    clk_IBUF_BUFG
    SLICE_X1Y7           FDCE                                         r  PS_reg[1]/C

Slack:                    inf
  Source:                 rst
                            (input port)
  Destination:            PS_reg[2]/CLR
                            (removal check against rising-edge clock sys_clk_pin  {rise@0.000ns fall@5.000ns period=10.000ns})
  Path Group:             (none)
  Path Type:              Removal (Min at Fast Process Corner)
  Data Path Delay:        0.678ns  (logic 0.221ns (32.609%)  route 0.457ns (67.391%))
  Logic Levels:           1  (IBUF=1)
  Clock Path Skew:        1.992ns (DCD - SCD - CPR)
    Destination Clock Delay (DCD):    1.992ns
    Source Clock Delay      (SCD):    0.000ns
    Clock Pessimism Removal (CPR):    -0.000ns

    Location             Delay type                Incr(ns)  Path(ns)    Netlist Resource(s)
  -------------------------------------------------------------------    -------------------
    V17                                               0.000     0.000 f  rst (IN)
                         net (fo=0)                   0.000     0.000    rst
    V17                  IBUF (Prop_ibuf_I_O)         0.221     0.221 f  rst_IBUF_inst/O
                         net (fo=3, routed)           0.457     0.678    rst_IBUF
    SLICE_X1Y7           FDCE                                         f  PS_reg[2]/CLR
  -------------------------------------------------------------------    -------------------

                         (clock sys_clk_pin rise edge)
                                                      0.000     0.000 r  
    W5                                                0.000     0.000 r  clk (IN)
                         net (fo=0)                   0.000     0.000    clk
    W5                   IBUF (Prop_ibuf_I_O)         0.414     0.414 r  clk_IBUF_inst/O
                         net (fo=1, routed)           0.685     1.099    clk_IBUF
    BUFGCTRL_X0Y0        BUFG (Prop_bufg_I_O)         0.029     1.128 r  clk_IBUF_BUFG_inst/O
                         net (fo=3, routed)           0.865     1.992    clk_IBUF_BUFG
    SLICE_X1Y7           FDCE                                         r  PS_reg[2]/C

Slack:                    inf
  Source:                 rst
                            (input port)
  Destination:            PS_reg[0]/CLR
                            (removal check against rising-edge clock sys_clk_pin  {rise@0.000ns fall@5.000ns period=10.000ns})
  Path Group:             (none)
  Path Type:              Removal (Min at Fast Process Corner)
  Data Path Delay:        0.682ns  (logic 0.221ns (32.401%)  route 0.461ns (67.599%))
  Logic Levels:           1  (IBUF=1)
  Clock Path Skew:        1.992ns (DCD - SCD - CPR)
    Destination Clock Delay (DCD):    1.992ns
    Source Clock Delay      (SCD):    0.000ns
    Clock Pessimism Removal (CPR):    -0.000ns

    Location             Delay type                Incr(ns)  Path(ns)    Netlist Resource(s)
  -------------------------------------------------------------------    -------------------
    V17                                               0.000     0.000 f  rst (IN)
                         net (fo=0)                   0.000     0.000    rst
    V17                  IBUF (Prop_ibuf_I_O)         0.221     0.221 f  rst_IBUF_inst/O
                         net (fo=3, routed)           0.461     0.682    rst_IBUF
    SLICE_X0Y7           FDCE                                         f  PS_reg[0]/CLR
  -------------------------------------------------------------------    -------------------

                         (clock sys_clk_pin rise edge)
                                                      0.000     0.000 r  
    W5                                                0.000     0.000 r  clk (IN)
                         net (fo=0)                   0.000     0.000    clk
    W5                   IBUF (Prop_ibuf_I_O)         0.414     0.414 r  clk_IBUF_inst/O
                         net (fo=1, routed)           0.685     1.099    clk_IBUF
    BUFGCTRL_X0Y0        BUFG (Prop_bufg_I_O)         0.029     1.128 r  clk_IBUF_BUFG_inst/O
                         net (fo=3, routed)           0.865     1.992    clk_IBUF_BUFG
    SLICE_X0Y7           FDCE                                         r  PS_reg[0]/C

Slack:                    inf
  Source:                 req[0]
                            (input port)
  Destination:            PS_reg[1]/D
                            (rising edge-triggered cell FDCE clocked by sys_clk_pin  {rise@0.000ns fall@5.000ns period=10.000ns})
  Path Group:             (none)
  Path Type:              Hold (Min at Fast Process Corner)
  Data Path Delay:        0.698ns  (logic 0.326ns (46.719%)  route 0.372ns (53.281%))
  Logic Levels:           3  (IBUF=1 LUT5=1 MUXF7=1)
  Clock Path Skew:        1.992ns (DCD - SCD - CPR)
    Destination Clock Delay (DCD):    1.992ns
    Source Clock Delay      (SCD):    0.000ns
    Clock Pessimism Removal (CPR):    -0.000ns

    Location             Delay type                Incr(ns)  Path(ns)    Netlist Resource(s)
  -------------------------------------------------------------------    -------------------
    W15                                               0.000     0.000 f  req[0] (IN)
                         net (fo=0)                   0.000     0.000    req[0]
    W15                  IBUF (Prop_ibuf_I_O)         0.219     0.219 f  req_IBUF[0]_inst/O
                         net (fo=5, routed)           0.372     0.591    req_IBUF[0]
    SLICE_X1Y7           LUT5 (Prop_lut5_I4_O)        0.045     0.636 r  PS[1]_i_2/O
                         net (fo=1, routed)           0.000     0.636    PS[1]_i_2_n_0
    SLICE_X1Y7           MUXF7 (Prop_muxf7_I0_O)      0.062     0.698 r  PS_reg[1]_i_1/O
                         net (fo=1, routed)           0.000     0.698    NS[1]
    SLICE_X1Y7           FDCE                                         r  PS_reg[1]/D
  -------------------------------------------------------------------    -------------------

                         (clock sys_clk_pin rise edge)
                                                      0.000     0.000 r  
    W5                                                0.000     0.000 r  clk (IN)
                         net (fo=0)                   0.000     0.000    clk
    W5                   IBUF (Prop_ibuf_I_O)         0.414     0.414 r  clk_IBUF_inst/O
                         net (fo=1, routed)           0.685     1.099    clk_IBUF
    BUFGCTRL_X0Y0        BUFG (Prop_bufg_I_O)         0.029     1.128 r  clk_IBUF_BUFG_inst/O
                         net (fo=3, routed)           0.865     1.992    clk_IBUF_BUFG
    SLICE_X1Y7           FDCE                                         r  PS_reg[1]/C

Slack:                    inf
  Source:                 req[0]
                            (input port)
  Destination:            PS_reg[0]/D
                            (rising edge-triggered cell FDCE clocked by sys_clk_pin  {rise@0.000ns fall@5.000ns period=10.000ns})
  Path Group:             (none)
  Path Type:              Hold (Min at Fast Process Corner)
  Data Path Delay:        0.712ns  (logic 0.326ns (45.751%)  route 0.386ns (54.249%))
  Logic Levels:           3  (IBUF=1 LUT5=1 MUXF7=1)
  Clock Path Skew:        1.992ns (DCD - SCD - CPR)
    Destination Clock Delay (DCD):    1.992ns
    Source Clock Delay      (SCD):    0.000ns
    Clock Pessimism Removal (CPR):    -0.000ns

    Location             Delay type                Incr(ns)  Path(ns)    Netlist Resource(s)
  -------------------------------------------------------------------    -------------------
    W15                                               0.000     0.000 r  req[0] (IN)
                         net (fo=0)                   0.000     0.000    req[0]
    W15                  IBUF (Prop_ibuf_I_O)         0.219     0.219 r  req_IBUF[0]_inst/O
                         net (fo=5, routed)           0.386     0.605    req_IBUF[0]
    SLICE_X0Y7           LUT5 (Prop_lut5_I4_O)        0.045     0.650 r  PS[0]_i_2/O
                         net (fo=1, routed)           0.000     0.650    PS[0]_i_2_n_0
    SLICE_X0Y7           MUXF7 (Prop_muxf7_I0_O)      0.062     0.712 r  PS_reg[0]_i_1/O
                         net (fo=1, routed)           0.000     0.712    NS[0]
    SLICE_X0Y7           FDCE                                         r  PS_reg[0]/D
  -------------------------------------------------------------------    -------------------

                         (clock sys_clk_pin rise edge)
                                                      0.000     0.000 r  
    W5                                                0.000     0.000 r  clk (IN)
                         net (fo=0)                   0.000     0.000    clk
    W5                   IBUF (Prop_ibuf_I_O)         0.414     0.414 r  clk_IBUF_inst/O
                         net (fo=1, routed)           0.685     1.099    clk_IBUF
    BUFGCTRL_X0Y0        BUFG (Prop_bufg_I_O)         0.029     1.128 r  clk_IBUF_BUFG_inst/O
                         net (fo=3, routed)           0.865     1.992    clk_IBUF_BUFG
    SLICE_X0Y7           FDCE                                         r  PS_reg[0]/C

Slack:                    inf
  Source:                 req[1]
                            (input port)
  Destination:            PS_reg[2]/D
                            (rising edge-triggered cell FDCE clocked by sys_clk_pin  {rise@0.000ns fall@5.000ns period=10.000ns})
  Path Group:             (none)
  Path Type:              Hold (Min at Fast Process Corner)
  Data Path Delay:        0.743ns  (logic 0.333ns (44.760%)  route 0.411ns (55.240%))
  Logic Levels:           3  (IBUF=1 LUT4=1 MUXF7=1)
  Clock Path Skew:        1.992ns (DCD - SCD - CPR)
    Destination Clock Delay (DCD):    1.992ns
    Source Clock Delay      (SCD):    0.000ns
    Clock Pessimism Removal (CPR):    -0.000ns

    Location             Delay type                Incr(ns)  Path(ns)    Netlist Resource(s)
  -------------------------------------------------------------------    -------------------
    W17                                               0.000     0.000 f  req[1] (IN)
                         net (fo=0)                   0.000     0.000    req[1]
    W17                  IBUF (Prop_ibuf_I_O)         0.217     0.217 f  req_IBUF[1]_inst/O
                         net (fo=5, routed)           0.411     0.627    req_IBUF[1]
    SLICE_X1Y7           LUT4 (Prop_lut4_I2_O)        0.045     0.672 r  PS[2]_i_2/O
                         net (fo=1, routed)           0.000     0.672    PS[2]_i_2_n_0
    SLICE_X1Y7           MUXF7 (Prop_muxf7_I0_O)      0.071     0.743 r  PS_reg[2]_i_1/O
                         net (fo=1, routed)           0.000     0.743    NS[2]
    SLICE_X1Y7           FDCE                                         r  PS_reg[2]/D
  -------------------------------------------------------------------    -------------------

                         (clock sys_clk_pin rise edge)
                                                      0.000     0.000 r  
    W5                                                0.000     0.000 r  clk (IN)
                         net (fo=0)                   0.000     0.000    clk
    W5                   IBUF (Prop_ibuf_I_O)         0.414     0.414 r  clk_IBUF_inst/O
                         net (fo=1, routed)           0.685     1.099    clk_IBUF
    BUFGCTRL_X0Y0        BUFG (Prop_bufg_I_O)         0.029     1.128 r  clk_IBUF_BUFG_inst/O
                         net (fo=3, routed)           0.865     1.992    clk_IBUF_BUFG
    SLICE_X1Y7           FDCE                                         r  PS_reg[2]/C





